// Jest Snapshot v1, https://goo.gl/fbAQLP

exports[`Day Get day label 1`] = `
<div class="flex flex-col box-border border border-gray-300 md:p-4 p-1 hover:border-blue-700">
  <div class="w-full justify-items-center">
    <div class="h-8 text-lg text-black font-medium label-day">
      30
    </div>
    <div class="w-full flex flex-col"></div>
  </div>
</div>
`;
