// Jest Snapshot v1, https://goo.gl/fbAQLP

exports[`ReminderForm Save new reminder 1`] = `
<div datetimeiso="2022-04-01T00:12:45.322-03:00">
  <div class="mb-6"><label for="input-description" class="text-left block mb-2 text-sm font-medium text-gray-900 dark:text-gray-300">What?</label>
    <div class="relative">
      <div class="flex absolute inset-y-0 left-0 items-center pl-3 pointer-events-none"><svg aria-hidden="true" focusable="false" data-prefix="fas" data-icon="note-sticky" role="img" xmlns="http://www.w3.org/2000/svg" viewBox="0 0 448 512" class="w-5 h-5 text-gray-500 svg-inline--fa fa-note-sticky">
          <path fill="currentColor" d="M400 32h-352C21.49 32 0 53.49 0 80v352C0 458.5 21.49 480 48 480h245.5c16.97 0 33.25-6.744 45.26-18.75l90.51-90.51C441.3 358.7 448 342.5 448 325.5V80C448 53.49 426.5 32 400 32zM64 96h320l-.001 224H320c-17.67 0-32 14.33-32 32v64H64V96z" class=""></path>
        </svg></div> <input id="input-description" maxlength="30" class="bg-gray-50 border border-gray-300 text-gray-900 text-sm rounded-lg focus:ring-blue-500 focus:border-blue-500 block w-full pl-10 p-2.5 dark:bg-gray-700 dark:border-gray-600 dark:placeholder-gray-400 dark:text-white dark:focus:ring-blue-500 dark:focus:border-blue-500">
    </div>
  </div>
  <div class="mb-6"><label for="input-datetime" class="text-left block mb-2 text-sm font-medium text-gray-900 dark:text-gray-300">When?</label>
    <div class="relative">
      <div class="flex absolute inset-y-0 left-0 items-center pl-3 pointer-events-none"><svg aria-hidden="true" focusable="false" data-prefix="fas" data-icon="calendar" role="img" xmlns="http://www.w3.org/2000/svg" viewBox="0 0 448 512" class="w-5 h-5 text-gray-500 svg-inline--fa fa-calendar">
          <path fill="currentColor" d="M96 32C96 14.33 110.3 0 128 0C145.7 0 160 14.33 160 32V64H288V32C288 14.33 302.3 0 320 0C337.7 0 352 14.33 352 32V64H400C426.5 64 448 85.49 448 112V160H0V112C0 85.49 21.49 64 48 64H96V32zM448 464C448 490.5 426.5 512 400 512H48C21.49 512 0 490.5 0 464V192H448V464z" class=""></path>
        </svg></div>
      <div class="bg-gray-50 border border-gray-300 text-gray-900 text-sm rounded-lg focus:ring-blue-500 focus:border-blue-500 block w-full pl-10 p-2.5 dark:bg-gray-700 dark:border-gray-600 dark:placeholder-gray-400 dark:text-white dark:focus:ring-blue-500 dark:focus:border-blue-500">
        <div class="vdatetime"> <input id="input-datetime" type="text" class="vdatetime-input">
          <!---->
          <transition-group-stub tag="div" name="vdatetime-fade">
            <!---->
            <!---->
          </transition-group-stub>
        </div>
      </div>
    </div>
  </div>
  <div class="mb-6"><label for="input-city" class="text-left block mb-2 text-sm font-medium text-gray-900 dark:text-gray-300">Where?</label>
    <div class="relative">
      <div class="flex absolute inset-y-0 left-0 items-center pl-3 pointer-events-none"><svg aria-hidden="true" focusable="false" data-prefix="fas" data-icon="location-dot" role="img" xmlns="http://www.w3.org/2000/svg" viewBox="0 0 384 512" class="w-5 h-5 text-gray-500 svg-inline--fa fa-location-dot">
          <path fill="currentColor" d="M168.3 499.2C116.1 435 0 279.4 0 192C0 85.96 85.96 0 192 0C298 0 384 85.96 384 192C384 279.4 267 435 215.7 499.2C203.4 514.5 180.6 514.5 168.3 499.2H168.3zM192 256C227.3 256 256 227.3 256 192C256 156.7 227.3 128 192 128C156.7 128 128 156.7 128 192C128 227.3 156.7 256 192 256z" class=""></path>
        </svg></div> <select id="input-city" class="bg-gray-50 border border-gray-300 text-gray-900 text-sm rounded-lg focus:ring-blue-500 focus:border-blue-500 block w-full p-2.5 pl-10 dark:bg-gray-700 dark:border-gray-600 dark:placeholder-gray-400 dark:text-white dark:focus:ring-blue-500 dark:focus:border-blue-500">
        <option>Tokyo</option>
        <option>Jakarta</option>
        <option>Delhi</option>
        <option>Seoul</option>
        <option>Shanghai</option>
        <option>Beijing</option>
        <option>New York</option>
        <option>Sao Paulo</option>
        <option>Mexico City</option>
        <option>Los Angeles</option>
        <option>Buenos Aires</option>
        <option>Istanbul</option>
        <option>Rio de Janeiro</option>
        <option>Paris</option>
        <option>London</option>
      </select>
    </div>
  </div>
  <div class="mb-3 space-y-2 w-full text-xs"><label for="input-color" class="flex font-semibold text-gray-800 text-left">Please select a color</label>
    <div class="flex" id="input-color">
      <div class="flex h-8 w-8 mr-2 rounded cursor-pointer bg-red-500"></div>
      <div class="flex h-8 w-8 mr-2 rounded cursor-pointer bg-yellow-500"></div>
      <div class="flex h-8 w-8 mr-2 rounded cursor-pointer bg-green-500"></div>
      <div class="flex h-8 w-8 mr-2 rounded cursor-pointer bg-blue-500"></div>
      <div class="flex h-8 w-8 mr-2 rounded cursor-pointer bg-purple-500"></div>
      <div class="flex h-8 w-8 mr-2 rounded cursor-pointer bg-pink-500"></div>
    </div>
  </div>
  <div class="flex justify-right"><button id="btn-cancel" class="mx-auto py-2.5 px-5 mr-2 mb-2 text-sm font-medium text-gray-900 focus:outline-none bg-white rounded-lg border border-gray-200 hover:bg-gray-100 hover:text-blue-700 focus:z-10 focus:ring-4 focus:ring-gray-200 dark:focus:ring-gray-700 dark:bg-gray-800 dark:text-gray-400 dark:border-gray-600 dark:hover:text-white dark:hover:bg-gray-700">
      Cancel
    </button> <button id="btn-save" class="text-white bg-blue-700 hover:bg-blue-800 focus:ring-4 focus:ring-blue-300 font-medium rounded-lg text-sm px-5 py-2.5 mr-2 mb-2 dark:bg-blue-600 dark:hover:bg-blue-700 focus:outline-none dark:focus:ring-blue-800">
      Save
    </button></div>
  <!---->
</div>
`;
